<html>
<body>
<pre>
<h1>�Vision Build Log</h1>
<h2>Tool Versions:</h2>
IDE-Version: ��Vision V5.34.0.0
Copyright (C) 2021 ARM Ltd and ARM Germany GmbH. All rights reserved.
License Information: LAWN COTOMO, LIHU COLLEDGE, LIC=KRMW3-AAZL0-ARBXW-QNUFB-M23WI-ZZL53
 
Tool Versions:
Toolchain:       MDK-ARM Plus  Version: 5.34.0.0
Toolchain Path:  C:\Keil_v5\ARM\ARMCC\Bin
C Compiler:      Armcc.exe V5.06 update 7 (build 960)
Assembler:       Armasm.exe V5.06 update 7 (build 960)
Linker/Locator:  ArmLink.exe V5.06 update 7 (build 960)
Library Manager: ArmAr.exe V5.06 update 7 (build 960)
Hex Converter:   FromElf.exe V5.06 update 7 (build 960)
CPU DLL:         SARMCM3.DLL V5.34.0.0
Dialog DLL:      DCM.DLL V1.17.3.0
Target DLL:      CMSIS_AGDI.dll V1.32.13.0
Dialog DLL:      TCM.DLL V1.48.0.0
 
<h2>Project:</h2>
d:\Coding\Boshi-Competition\STM32-Software\Project.uvprojx
Project File Date:  03/15/2024

<h2>Output:</h2>
*** Using Compiler 'V5.06 update 7 (build 960)', folder: 'C:\Keil_v5\ARM\ARMCC\Bin'
Build target 'AutoMobile'
compiling actions.c...
Functions\actions.c(31): warning:  #940-D: missing return statement at end of non-void function "LineDetcet" 
  }
Functions\actions.c: 1 warning, 0 errors
compiling main.c...
.\Functions\actions.h(13): warning:  #1-D: last line of file ends without a newline
  #endif
Program\main.c(59): warning:  #111-D: statement is unreachable
      Delay_s(2);
Program\main.c(73): warning:  #223-D: function "Button" declared implicitly
      while(Button()==0);//等待按键按下(发车)
Program\main.c(74): warning:  #223-D: function "LED" declared implicitly
      LED(1,1);//点亮LED
Program\main.c(75): warning:  #223-D: function "Button" declared implicitly
      while(Button()==1);//等待按键松开
Program\main.c(110): warning:  #223-D: function "Button" declared implicitly
      while(Button()==0);//等待按键按下(发车)
Program\main.c(112): warning:  #223-D: function "Button" declared implicitly
      while(Button()==1);//等待按键松开
Program\main.c(58): warning:  #546-D: transfer of control bypasses initialization of:
            variable "counter"  (declared at line 118)
      goto END;
      ^
Program\main.c: 8 warnings, 0 errors
linking...
Program Size: Code=2512 RO-data=252 RW-data=0 ZI-data=1632  
FromELF: creating hex file...
".\Objects\Project.axf" - 0 Error(s), 9 Warning(s).

<h2>Software Packages used:</h2>

Package Vendor: Keil
                http://www.keil.com/pack/Keil.STM32F1xx_DFP.2.4.0.pack
                Keil.STM32F1xx_DFP.2.4.0
                STMicroelectronics STM32F1 Series Device Support, Drivers and Examples

<h2>Collection of Component include folders:</h2>
  C:\Users\COTOMO\AppData\Local\Arm\Packs\Keil\STM32F1xx_DFP\2.4.0\Device\Include

<h2>Collection of Component Files used:</h2>
Build Time Elapsed:  00:00:01
</pre>
</body>
</html>
